// Jest Snapshot v1, https://goo.gl/fbAQLP

exports[`Test: <CategoriaForm/>  debe de mostrar el componente correctamente 1`] = `
{
  "asFragment": [Function],
  "baseElement": <body>
    <div>
      <div>
        <div
          class="tremor-Card-root relative w-full text-left ring-1 rounded-tremor-default bg-tremor-background ring-tremor-ring shadow-tremor-card dark:bg-dark-tremor-background dark:ring-dark-tremor-ring dark:shadow-dark-tremor-card border-tremor-brand dark:border-dark-tremor-brand p-6"
        >
          <p
            class="font-medium text-tremor-title text-tremor-content-emphasis dark:text-dark-tremor-content-emphasis text-center text-3xl"
          >
            Crear Nueva Categoría
          </p>
          <form
            class="mt-5 space-y-4 w-2/5 mx-auto"
          >
            <div>
              <label
                class="block font-medium"
                for="Nombre"
              >
                Nombre
              </label>
              <div
                class="tremor-TextInput-root relative flex items-center min-w-[10rem] outline-none rounded-tremor-default shadow-tremor-input dark:shadow-dark-tremor-input bg-tremor-background dark:bg-dark-tremor-background hover:bg-tremor-background-muted dark:hover:bg-dark-tremor-background-muted text-tremor-content dark:text-dark-tremor-content border-tremor-border dark:border-dark-tremor-border border w-full"
              >
                <input
                  class="tremor-TextInput-input w-full focus:outline-none focus:ring-0 border-none bg-transparent text-tremor-default text-tremor-content-emphasis dark:text-dark-tremor-content-emphasis [appearance:textfield] [&::-webkit-outer-spin-button]:appearance-none [&::-webkit-inner-spin-button]:appearance-none pl-4 pr-4 py-2 placeholder:text-tremor-content dark:placeholder:text-dark-tremor-content"
                  data-cy="nombre-categoria"
                  data-testid="base-input"
                  id="Nombre"
                  name="nombre"
                  placeholder="Ingrese el nombre de la categoría"
                  type="text"
                  value=""
                />
              </div>
            </div>
            <div>
              <label
                class="block font-medium"
                for="Descripcion"
              >
                Descripción
              </label>
              <div
                class="tremor-TextInput-root relative flex items-center min-w-[10rem] outline-none rounded-tremor-default shadow-tremor-input dark:shadow-dark-tremor-input bg-tremor-background dark:bg-dark-tremor-background hover:bg-tremor-background-muted dark:hover:bg-dark-tremor-background-muted text-tremor-content dark:text-dark-tremor-content border-tremor-border dark:border-dark-tremor-border border w-full"
              >
                <input
                  class="tremor-TextInput-input w-full focus:outline-none focus:ring-0 border-none bg-transparent text-tremor-default text-tremor-content-emphasis dark:text-dark-tremor-content-emphasis [appearance:textfield] [&::-webkit-outer-spin-button]:appearance-none [&::-webkit-inner-spin-button]:appearance-none pl-4 pr-4 py-2 placeholder:text-tremor-content dark:placeholder:text-dark-tremor-content"
                  data-cy="descripcion-categoria"
                  data-testid="base-input"
                  id="Descripcion"
                  name="descripcion"
                  placeholder="Ingrese la descripción de la categoría"
                  type="text"
                  value=""
                />
              </div>
            </div>
            <div
              class="flex justify-end"
            >
              <button
                class="tremor-Button-root flex-shrink-0 inline-flex justify-center items-center group font-medium outline-none rounded-tremor-default shadow-tremor-input dark:shadow-dark-tremor-input border text-sm dark:bg-dark-tremor-brand border-tremor-brand dark:border-dark-tremor-brand dark:text-dark-tremor-brand-inverted dark:hover:bg-dark-tremor-brand-emphasis hover:border-tremor-brand-emphasis dark:hover:border-dark-tremor-brand-emphasis bg-blue-500 hover:bg-blue-600 text-white px-4 py-2 rounded"
                data-cy="boton-actualizar"
              >
                <span
                  class="tremor-Button-text text-sm whitespace-nowrap"
                >
                  Crear Categoría
                </span>
              </button>
            </div>
          </form>
        </div>
      </div>
    </div>
  </body>,
  "container": <div>
    <div>
      <div
        class="tremor-Card-root relative w-full text-left ring-1 rounded-tremor-default bg-tremor-background ring-tremor-ring shadow-tremor-card dark:bg-dark-tremor-background dark:ring-dark-tremor-ring dark:shadow-dark-tremor-card border-tremor-brand dark:border-dark-tremor-brand p-6"
      >
        <p
          class="font-medium text-tremor-title text-tremor-content-emphasis dark:text-dark-tremor-content-emphasis text-center text-3xl"
        >
          Crear Nueva Categoría
        </p>
        <form
          class="mt-5 space-y-4 w-2/5 mx-auto"
        >
          <div>
            <label
              class="block font-medium"
              for="Nombre"
            >
              Nombre
            </label>
            <div
              class="tremor-TextInput-root relative flex items-center min-w-[10rem] outline-none rounded-tremor-default shadow-tremor-input dark:shadow-dark-tremor-input bg-tremor-background dark:bg-dark-tremor-background hover:bg-tremor-background-muted dark:hover:bg-dark-tremor-background-muted text-tremor-content dark:text-dark-tremor-content border-tremor-border dark:border-dark-tremor-border border w-full"
            >
              <input
                class="tremor-TextInput-input w-full focus:outline-none focus:ring-0 border-none bg-transparent text-tremor-default text-tremor-content-emphasis dark:text-dark-tremor-content-emphasis [appearance:textfield] [&::-webkit-outer-spin-button]:appearance-none [&::-webkit-inner-spin-button]:appearance-none pl-4 pr-4 py-2 placeholder:text-tremor-content dark:placeholder:text-dark-tremor-content"
                data-cy="nombre-categoria"
                data-testid="base-input"
                id="Nombre"
                name="nombre"
                placeholder="Ingrese el nombre de la categoría"
                type="text"
                value=""
              />
            </div>
          </div>
          <div>
            <label
              class="block font-medium"
              for="Descripcion"
            >
              Descripción
            </label>
            <div
              class="tremor-TextInput-root relative flex items-center min-w-[10rem] outline-none rounded-tremor-default shadow-tremor-input dark:shadow-dark-tremor-input bg-tremor-background dark:bg-dark-tremor-background hover:bg-tremor-background-muted dark:hover:bg-dark-tremor-background-muted text-tremor-content dark:text-dark-tremor-content border-tremor-border dark:border-dark-tremor-border border w-full"
            >
              <input
                class="tremor-TextInput-input w-full focus:outline-none focus:ring-0 border-none bg-transparent text-tremor-default text-tremor-content-emphasis dark:text-dark-tremor-content-emphasis [appearance:textfield] [&::-webkit-outer-spin-button]:appearance-none [&::-webkit-inner-spin-button]:appearance-none pl-4 pr-4 py-2 placeholder:text-tremor-content dark:placeholder:text-dark-tremor-content"
                data-cy="descripcion-categoria"
                data-testid="base-input"
                id="Descripcion"
                name="descripcion"
                placeholder="Ingrese la descripción de la categoría"
                type="text"
                value=""
              />
            </div>
          </div>
          <div
            class="flex justify-end"
          >
            <button
              class="tremor-Button-root flex-shrink-0 inline-flex justify-center items-center group font-medium outline-none rounded-tremor-default shadow-tremor-input dark:shadow-dark-tremor-input border text-sm dark:bg-dark-tremor-brand border-tremor-brand dark:border-dark-tremor-brand dark:text-dark-tremor-brand-inverted dark:hover:bg-dark-tremor-brand-emphasis hover:border-tremor-brand-emphasis dark:hover:border-dark-tremor-brand-emphasis bg-blue-500 hover:bg-blue-600 text-white px-4 py-2 rounded"
              data-cy="boton-actualizar"
            >
              <span
                class="tremor-Button-text text-sm whitespace-nowrap"
              >
                Crear Categoría
              </span>
            </button>
          </div>
        </form>
      </div>
    </div>
  </div>,
  "debug": [Function],
  "findAllByAltText": [Function],
  "findAllByDisplayValue": [Function],
  "findAllByLabelText": [Function],
  "findAllByPlaceholderText": [Function],
  "findAllByRole": [Function],
  "findAllByTestId": [Function],
  "findAllByText": [Function],
  "findAllByTitle": [Function],
  "findByAltText": [Function],
  "findByDisplayValue": [Function],
  "findByLabelText": [Function],
  "findByPlaceholderText": [Function],
  "findByRole": [Function],
  "findByTestId": [Function],
  "findByText": [Function],
  "findByTitle": [Function],
  "getAllByAltText": [Function],
  "getAllByDisplayValue": [Function],
  "getAllByLabelText": [Function],
  "getAllByPlaceholderText": [Function],
  "getAllByRole": [Function],
  "getAllByTestId": [Function],
  "getAllByText": [Function],
  "getAllByTitle": [Function],
  "getByAltText": [Function],
  "getByDisplayValue": [Function],
  "getByLabelText": [Function],
  "getByPlaceholderText": [Function],
  "getByRole": [Function],
  "getByTestId": [Function],
  "getByText": [Function],
  "getByTitle": [Function],
  "queryAllByAltText": [Function],
  "queryAllByDisplayValue": [Function],
  "queryAllByLabelText": [Function],
  "queryAllByPlaceholderText": [Function],
  "queryAllByRole": [Function],
  "queryAllByTestId": [Function],
  "queryAllByText": [Function],
  "queryAllByTitle": [Function],
  "queryByAltText": [Function],
  "queryByDisplayValue": [Function],
  "queryByLabelText": [Function],
  "queryByPlaceholderText": [Function],
  "queryByRole": [Function],
  "queryByTestId": [Function],
  "queryByText": [Function],
  "queryByTitle": [Function],
  "rerender": [Function],
  "unmount": [Function],
}
`;
